\BOOKMARK [0][-]{chapter*.1}{\376\377\000D\000\351\000d\000i\000c\000a\000c\000e}{}% 1
\BOOKMARK [0][-]{chapter*.2}{\376\377\000R\000e\000m\000e\000r\000c\000i\000e\000m\000e\000n\000t\000s}{}% 2
\BOOKMARK [0][-]{chapter*.3}{\376\377\000R\000\351\000s\000u\000m\000\351}{}% 3
\BOOKMARK [0][-]{chapter*.4}{\376\377\000A\000b\000s\000t\000r\000a\000c\000t}{}% 4
\BOOKMARK [0][-]{chapter*.5}{\376\377\000L\000i\000s\000t\000e\000\040\000d\000e\000s\000\040\000s\000i\000g\000l\000e\000s\000\040\000e\000t\000\040\000a\000c\000r\000o\000n\000y\000m\000e\000s}{}% 5
\BOOKMARK [1][-]{section*.6}{\376\377\000I\000n\000t\000r\000o\000d\000u\000c\000t\000i\000o\000n\000\040\000g\000\351\000n\000\351\000r\000a\000l\000e}{chapter*.5}% 6
\BOOKMARK [1][-]{section*.6}{\376\377\000I\000n\000t\000r\000o\000d\000u\000c\000t\000i\000o\000n\000\040\000g\000\351\000n\000\351\000r\000a\000l\000e}{chapter*.5}% 7
\BOOKMARK [0][-]{chapter.1}{\376\377\000C\000a\000d\000r\000e\000\040\000g\000\351\000n\000\351\000r\000a\000l\000\040\000d\000u\000\040\000s\000t\000a\000g\000e}{}% 8
\BOOKMARK [1][-]{section*.7}{\376\377\000I\000n\000t\000r\000o\000d\000u\000c\000t\000i\000o\000n}{chapter.1}% 9
\BOOKMARK [1][-]{section.1.1}{\376\377\000P\000r\000\351\000s\000e\000n\000t\000a\000t\000i\000o\000n\000\040\000d\000e\000\040\000l\000'\000o\000r\000g\000a\000n\000i\000s\000m\000e\000\040\000d\000'\000a\000c\000c\000u\000e\000i\000l}{chapter.1}% 10
\BOOKMARK [2][-]{subsection.1.1.1}{\376\377\000S\000e\000r\000v\000i\000c\000e\000s\000\040\000e\000t\000\040\000d\000o\000m\000a\000i\000n\000e\000\040\000d\000'\000a\000c\000t\000i\000v\000i\000t\000\351}{section.1.1}% 11
\BOOKMARK [2][-]{subsection.1.1.2}{\376\377\000C\000l\000i\000e\000n\000t\000s\000\040\000e\000t\000\040\000c\000o\000l\000l\000a\000b\000o\000r\000a\000t\000e\000u\000r\000s}{section.1.1}% 12
\BOOKMARK [1][-]{section.1.2}{\376\377\000C\000a\000d\000r\000e\000\040\000d\000u\000\040\000p\000r\000o\000j\000e\000t}{chapter.1}% 13
\BOOKMARK [2][-]{subsection.1.2.1}{\376\377\000C\000o\000n\000t\000e\000x\000t\000e\000\040\000g\000l\000o\000b\000a\000l\000\040\000d\000u\000\040\000p\000r\000o\000j\000e\000t}{section.1.2}% 14
\BOOKMARK [2][-]{subsection.1.2.2}{\376\377\000\311\000t\000u\000d\000e\000\040\000d\000e\000\040\000l\000'\000e\000x\000i\000s\000t\000a\000n\000t}{section.1.2}% 15
\BOOKMARK [2][-]{subsection.1.2.3}{\376\377\000P\000r\000o\000b\000l\000\351\000m\000a\000t\000i\000q\000u\000e}{section.1.2}% 16
\BOOKMARK [2][-]{subsection.1.2.4}{\376\377\000S\000o\000l\000u\000t\000i\000o\000n\000\040\000p\000r\000o\000p\000o\000s\000\351\000e}{section.1.2}% 17
\BOOKMARK [1][-]{section.1.3}{\376\377\000L\000a\000n\000g\000a\000g\000e\000\040\000d\000e\000\040\000m\000o\000d\000\351\000l\000i\000s\000a\000t\000i\000o\000n\000\040\000U\000M\000L}{chapter.1}% 18
\BOOKMARK [1][-]{section.1.4}{\376\377\000M\000\351\000t\000h\000o\000d\000o\000l\000o\000g\000i\000e\000\040\000d\000e\000\040\000t\000r\000a\000v\000a\000i\000l}{chapter.1}% 19
\BOOKMARK [2][-]{subsection.1.4.1}{\376\377\000\311\000t\000u\000d\000e\000\040\000c\000o\000m\000p\000a\000r\000a\000t\000i\000v\000e\000\040\000d\000e\000s\000\040\000d\000i\000f\000f\000\351\000r\000e\000n\000t\000e\000s\000\040\000m\000\351\000t\000h\000o\000d\000o\000l\000o\000g\000i\000e\000s}{section.1.4}% 20
\BOOKMARK [2][-]{subsection.1.4.2}{\376\377\000C\000h\000o\000i\000x\000\040\000d\000e\000\040\000m\000\351\000t\000h\000o\000d\000o\000l\000o\000g\000i\000e\000\040\000-\000\040\000S\000c\000r\000u\000m}{section.1.4}% 21
\BOOKMARK [3][-]{subsubsection.1.4.2.1}{\376\377\000L\000e\000s\000\040\000r\000\364\000l\000e\000s\000\040\000e\000t\000\040\000l\000e\000s\000\040\000a\000r\000t\000e\000f\000a\000c\000t\000s\000\040\000d\000a\000n\000s\000\040\000S\000c\000r\000u\000m}{subsection.1.4.2}% 22
\BOOKMARK [3][-]{subsubsection.1.4.2.2}{\376\377\000J\000u\000s\000t\000i\000f\000i\000c\000a\000t\000i\000o\000n\000\040\000d\000u\000\040\000c\000h\000o\000i\000x}{subsection.1.4.2}% 23
\BOOKMARK [0][-]{chapter.2}{\376\377\000A\000n\000a\000l\000y\000s\000e\000\040\000e\000t\000\040\000s\000p\000\351\000c\000i\000f\000i\000c\000a\000t\000i\000o\000n\000\040\000d\000e\000s\000\040\000b\000e\000s\000o\000i\000n\000s}{}% 24
\BOOKMARK [1][-]{section*.15}{\376\377\000I\000n\000t\000r\000o\000d\000u\000c\000t\000i\000o\000n}{chapter.2}% 25
\BOOKMARK [1][-]{section.2.1}{\376\377\000S\000p\000\351\000c\000i\000f\000i\000c\000a\000t\000i\000o\000n\000\040\000d\000e\000s\000\040\000b\000e\000s\000o\000i\000n\000s}{chapter.2}% 26
\BOOKMARK [2][-]{subsection.2.1.1}{\376\377\000I\000d\000e\000n\000t\000i\000f\000i\000c\000a\000t\000i\000o\000n\000\040\000d\000e\000s\000\040\000a\000c\000t\000e\000u\000r\000s}{section.2.1}% 27
\BOOKMARK [2][-]{subsection.2.1.2}{\376\377\000B\000e\000s\000o\000i\000n\000s\000\040\000f\000o\000n\000c\000t\000i\000o\000n\000n\000e\000l\000s}{section.2.1}% 28
\BOOKMARK [2][-]{subsection.2.1.3}{\376\377\000B\000e\000s\000o\000i\000n\000s\000\040\000n\000o\000n\000\040\000f\000o\000n\000c\000t\000i\000o\000n\000n\000e\000l\000s}{section.2.1}% 29
\BOOKMARK [1][-]{section.2.2}{\376\377\000D\000i\000a\000g\000r\000a\000m\000m\000e\000\040\000g\000l\000o\000b\000a\000l\000\040\000d\000e\000s\000\040\000c\000a\000s\000\040\000d\000'\000u\000t\000i\000l\000i\000s\000a\000t\000i\000o\000n}{chapter.2}% 30
\BOOKMARK [1][-]{section.2.3}{\376\377\000P\000l\000a\000n\000i\000f\000i\000c\000a\000t\000i\000o\000n\000\040\000e\000t\000\040\000p\000r\000i\000o\000r\000i\000s\000a\000t\000i\000o\000n\000\040\000d\000u\000\040\000p\000r\000o\000j\000e\000t}{chapter.2}% 31
\BOOKMARK [2][-]{subsection.2.3.1}{\376\377\000P\000i\000l\000o\000t\000a\000g\000e\000\040\000d\000u\000\040\000p\000r\000o\000j\000e\000t}{section.2.3}% 32
\BOOKMARK [2][-]{subsection.2.3.2}{\376\377\000T\000e\000c\000h\000n\000i\000q\000u\000e\000\040\000d\000e\000\040\000p\000r\000i\000o\000r\000i\000s\000a\000t\000i\000o\000n\000\040\040\024\000\040\000M\000o\000S\000C\000o\000W}{section.2.3}% 33
\BOOKMARK [1][-]{section.2.4}{\376\377\000P\000r\000o\000d\000u\000c\000t\000\040\000B\000a\000c\000k\000l\000o\000g}{chapter.2}% 34
\BOOKMARK [1][-]{section.2.5}{\376\377\000P\000l\000a\000n\000\040\000d\000e\000\040\000r\000e\000l\000e\000a\000s\000e}{chapter.2}% 35
\BOOKMARK [2][-]{subsection.2.5.1}{\376\377\000P\000l\000a\000n\000i\000f\000i\000c\000a\000t\000i\000o\000n\000\040\000d\000\351\000t\000a\000i\000l\000l\000\351\000e\000\040\000d\000e\000s\000\040\000s\000p\000r\000i\000n\000t\000s}{section.2.5}% 36
\BOOKMARK [1][-]{table.caption.19}{\376\377\000C\000o\000n\000c\000l\000u\000s\000i\000o\000n}{chapter.2}% 37
\BOOKMARK [0][-]{chapter.3}{\376\377\000R\000e\000l\000e\000a\000s\000e\000\040\0001\000\040\040\024\000\040\000C\000o\000n\000c\000e\000p\000t\000i\000o\000n\000\040\000e\000t\000\040\000d\000\351\000v\000e\000l\000o\000p\000p\000e\000m\000e\000n\000t}{}% 38
\BOOKMARK [1][-]{section*.20}{\376\377\000I\000n\000t\000r\000o\000d\000u\000c\000t\000i\000o\000n}{chapter.3}% 39
\BOOKMARK [1][-]{section.3.1}{\376\377\000S\000p\000r\000i\000n\000t\000\040\0001\000\040\040\024\000\040\000B\000o\000u\000t\000i\000q\000u\000e\000-\000s\000e\000r\000v\000i\000c\000e\000\040\000e\000t\000\040\000C\000u\000s\000t\000o\000m\000e\000r\000-\000s\000e\000r\000v\000i\000c\000e}{chapter.3}% 40
\BOOKMARK [2][-]{subsection.3.1.1}{\376\377\000O\000b\000j\000e\000c\000t\000i\000f\000\040\000d\000u\000\040\000s\000p\000r\000i\000n\000t}{section.3.1}% 41
\BOOKMARK [2][-]{subsection.3.1.2}{\376\377\000S\000p\000r\000i\000n\000t\000\040\000B\000a\000c\000k\000l\000o\000g}{section.3.1}% 42
\BOOKMARK [2][-]{subsection.3.1.3}{\376\377\000D\000i\000a\000g\000r\000a\000m\000m\000e\000\040\000d\000e\000\040\000c\000a\000s\000\040\000d\000'\000u\000t\000i\000l\000i\000s\000a\000t\000i\000o\000n\000\040\040\024\000\040\000S\000p\000r\000i\000n\000t\000\040\0001}{section.3.1}% 43
\BOOKMARK [2][-]{subsection.3.1.4}{\376\377\000D\000i\000a\000g\000r\000a\000m\000m\000e\000\040\000d\000e\000\040\000c\000l\000a\000s\000s\000e\000s\000\040\040\024\000\040\000S\000p\000r\000i\000n\000t\000\040\0001}{section.3.1}% 44
\BOOKMARK [3][-]{subsubsection.3.1.4.1}{\376\377\000B\000o\000u\000t\000i\000q\000u\000e\000-\000s\000e\000r\000v\000i\000c\000e}{subsection.3.1.4}% 45
\BOOKMARK [3][-]{subsubsection.3.1.4.2}{\376\377\000C\000u\000s\000t\000o\000m\000e\000r\000-\000s\000e\000r\000v\000i\000c\000e}{subsection.3.1.4}% 46
\BOOKMARK [2][-]{subsection.3.1.5}{\376\377\000D\000i\000a\000g\000r\000a\000m\000m\000e\000\040\000d\000e\000\040\000s\000\351\000q\000u\000e\000n\000c\000e\000\040\040\024\000\040\000C\000r\000\351\000e\000r\000\040\000u\000n\000\040\000c\000l\000i\000e\000n\000t}{section.3.1}% 47
\BOOKMARK [2][-]{subsection.3.1.6}{\376\377\000I\000n\000t\000e\000r\000f\000a\000c\000e\000s\000\040\000r\000\351\000a\000l\000i\000s\000\351\000e\000s\000\040\040\024\000\040\000S\000p\000r\000i\000n\000t\000\040\0001}{section.3.1}% 48
\BOOKMARK [1][-]{section.3.2}{\376\377\000S\000p\000r\000i\000n\000t\000\040\0002\000\040\040\024\000\040\000C\000a\000t\000a\000l\000o\000g\000-\000s\000e\000r\000v\000i\000c\000e\000\040\000e\000t\000\040\000S\000u\000b\000s\000c\000r\000i\000p\000t\000i\000o\000n\000-\000s\000e\000r\000v\000i\000c\000e}{chapter.3}% 49
\BOOKMARK [2][-]{subsection.3.2.1}{\376\377\000O\000b\000j\000e\000c\000t\000i\000f\000\040\000d\000u\000\040\000s\000p\000r\000i\000n\000t}{section.3.2}% 50
\BOOKMARK [2][-]{subsection.3.2.2}{\376\377\000S\000p\000r\000i\000n\000t\000\040\000B\000a\000c\000k\000l\000o\000g}{section.3.2}% 51
\BOOKMARK [2][-]{subsection.3.2.3}{\376\377\000D\000i\000a\000g\000r\000a\000m\000m\000e\000\040\000d\000e\000\040\000c\000a\000s\000\040\000d\000'\000u\000t\000i\000l\000i\000s\000a\000t\000i\000o\000n\000\040\040\024\000\040\000S\000p\000r\000i\000n\000t\000\040\0002}{section.3.2}% 52
\BOOKMARK [2][-]{subsection.3.2.4}{\376\377\000D\000i\000a\000g\000r\000a\000m\000m\000e\000\040\000d\000e\000\040\000c\000l\000a\000s\000s\000e\000s\000\040\040\024\000\040\000S\000p\000r\000i\000n\000t\000\040\0002}{section.3.2}% 53
\BOOKMARK [3][-]{subsubsection.3.2.4.1}{\376\377\000C\000a\000t\000a\000l\000o\000g\000-\000s\000e\000r\000v\000i\000c\000e}{subsection.3.2.4}% 54
\BOOKMARK [3][-]{subsubsection.3.2.4.2}{\376\377\000S\000u\000b\000s\000c\000r\000i\000p\000t\000i\000o\000n\000-\000s\000e\000r\000v\000i\000c\000e}{subsection.3.2.4}% 55
\BOOKMARK [2][-]{subsection.3.2.5}{\376\377\000D\000i\000a\000g\000r\000a\000m\000m\000e\000\040\000d\000e\000\040\000s\000\351\000q\000u\000e\000n\000c\000e\000\040\040\024\000\040\000S\000o\000u\000s\000c\000r\000i\000r\000e\000\040\000u\000n\000\040\000a\000b\000o\000n\000n\000e\000m\000e\000n\000t}{section.3.2}% 56
\BOOKMARK [2][-]{subsection.3.2.6}{\376\377\000I\000n\000t\000e\000r\000f\000a\000c\000e\000s\000\040\000r\000\351\000a\000l\000i\000s\000\351\000e\000s\000\040\040\024\000\040\000S\000p\000r\000i\000n\000t\000\040\0002}{section.3.2}% 57
\BOOKMARK [1][-]{section.3.3}{\376\377\000S\000p\000r\000i\000n\000t\000\040\0003\000\040\040\024\000\040\000B\000i\000l\000l\000i\000n\000g\000-\000s\000e\000r\000v\000i\000c\000e\000,\000\040\000A\000u\000t\000h\000,\000\040\000A\000P\000I\000\040\000G\000a\000t\000e\000w\000a\000y\000\040\000e\000t\000\040\000F\000r\000o\000n\000t\000e\000n\000d}{chapter.3}% 58
\BOOKMARK [2][-]{subsection.3.3.1}{\376\377\000O\000b\000j\000e\000c\000t\000i\000f\000\040\000d\000u\000\040\000s\000p\000r\000i\000n\000t}{section.3.3}% 59
\BOOKMARK [2][-]{subsection.3.3.2}{\376\377\000S\000p\000r\000i\000n\000t\000\040\000B\000a\000c\000k\000l\000o\000g}{section.3.3}% 60
\BOOKMARK [2][-]{subsection.3.3.3}{\376\377\000D\000i\000a\000g\000r\000a\000m\000m\000e\000\040\000d\000e\000\040\000c\000a\000s\000\040\000d\000'\000u\000t\000i\000l\000i\000s\000a\000t\000i\000o\000n\000\040\040\024\000\040\000S\000p\000r\000i\000n\000t\000\040\0003}{section.3.3}% 61
\BOOKMARK [2][-]{subsection.3.3.4}{\376\377\000D\000i\000a\000g\000r\000a\000m\000m\000e\000\040\000d\000e\000\040\000c\000l\000a\000s\000s\000e\000s\000\040\040\024\000\040\000S\000p\000r\000i\000n\000t\000\040\0003}{section.3.3}% 62
\BOOKMARK [3][-]{subsubsection.3.3.4.1}{\376\377\000B\000i\000l\000l\000i\000n\000g\000-\000s\000e\000r\000v\000i\000c\000e}{subsection.3.3.4}% 63
\BOOKMARK [3][-]{subsubsection.3.3.4.2}{\376\377\000A\000u\000t\000h\000e\000n\000t\000i\000c\000a\000t\000i\000o\000n\000-\000s\000e\000r\000v\000i\000c\000e}{subsection.3.3.4}% 64
\BOOKMARK [2][-]{subsection.3.3.5}{\376\377\000D\000i\000a\000g\000r\000a\000m\000m\000e\000\040\000d\000e\000\040\000s\000\351\000q\000u\000e\000n\000c\000e\000\040\040\024\000\040\000G\000\351\000n\000\351\000r\000e\000r\000\040\000u\000n\000e\000\040\000f\000a\000c\000t\000u\000r\000e}{section.3.3}% 65
\BOOKMARK [2][-]{subsection.3.3.6}{\376\377\000A\000r\000c\000h\000i\000t\000e\000c\000t\000u\000r\000e\000\040\000t\000e\000c\000h\000n\000i\000q\000u\000e\000\040\000d\000e\000\040\000l\000a\000\040\000R\000e\000l\000e\000a\000s\000e\000\040\0001}{section.3.3}% 66
\BOOKMARK [2][-]{subsection.3.3.7}{\376\377\000I\000n\000t\000e\000r\000f\000a\000c\000e\000s\000\040\000r\000\351\000a\000l\000i\000s\000\351\000e\000s\000\040\040\024\000\040\000S\000p\000r\000i\000n\000t\000\040\0003}{section.3.3}% 67
\BOOKMARK [1][-]{figure.caption.41}{\376\377\000C\000o\000n\000c\000l\000u\000s\000i\000o\000n}{chapter.3}% 68
\BOOKMARK [0][-]{chapter.4}{\376\377\000R\000e\000l\000e\000a\000s\000e\000\040\0002\000\040\040\024\000\040\000M\000i\000s\000e\000\040\000e\000n\000\040\000p\000l\000a\000c\000e\000\040\000d\000e\000\040\000l\000'\000i\000n\000f\000r\000a\000s\000t\000r\000u\000c\000t\000u\000r\000e}{}% 69
\BOOKMARK [1][-]{section*.42}{\376\377\000I\000n\000t\000r\000o\000d\000u\000c\000t\000i\000o\000n}{chapter.4}% 70
\BOOKMARK [1][-]{section.4.1}{\376\377\000S\000p\000r\000i\000n\000t\000\040\0004\000\040\040\024\000\040\000C\000o\000n\000t\000a\000i\000n\000e\000r\000i\000s\000a\000t\000i\000o\000n\000\040\000e\000t\000\040\000d\000\351\000p\000l\000o\000i\000e\000m\000e\000n\000t\000\040\000l\000o\000c\000a\000l}{chapter.4}% 71
\BOOKMARK [2][-]{subsection.4.1.1}{\376\377\000O\000b\000j\000e\000c\000t\000i\000f\000\040\000d\000u\000\040\000s\000p\000r\000i\000n\000t}{section.4.1}% 72
\BOOKMARK [2][-]{subsection.4.1.2}{\376\377\000S\000p\000r\000i\000n\000t\000\040\000B\000a\000c\000k\000l\000o\000g}{section.4.1}% 73
\BOOKMARK [2][-]{subsection.4.1.3}{\376\377\000C\000o\000n\000t\000a\000i\000n\000e\000r\000i\000s\000a\000t\000i\000o\000n\000\040\000a\000v\000e\000c\000\040\000D\000o\000c\000k\000e\000r}{section.4.1}% 74
\BOOKMARK [2][-]{subsection.4.1.4}{\376\377\000O\000r\000c\000h\000e\000s\000t\000r\000a\000t\000i\000o\000n\000\040\000l\000o\000c\000a\000l\000e\000\040\000a\000v\000e\000c\000\040\000D\000o\000c\000k\000e\000r\000\040\000C\000o\000m\000p\000o\000s\000e}{section.4.1}% 75
\BOOKMARK [2][-]{subsection.4.1.5}{\376\377\000D\000\351\000p\000l\000o\000i\000e\000m\000e\000n\000t\000\040\000s\000u\000r\000\040\000M\000i\000n\000i\000k\000u\000b\000e}{section.4.1}% 76
\BOOKMARK [1][-]{section.4.2}{\376\377\000S\000p\000r\000i\000n\000t\000\040\0005\000\040\040\024\000\040\000D\000\351\000p\000l\000o\000i\000e\000m\000e\000n\000t\000\040\000s\000u\000r\000\040\000l\000e\000\040\000c\000l\000o\000u\000d\000\040\000A\000W\000S}{chapter.4}% 77
\BOOKMARK [2][-]{subsection.4.2.1}{\376\377\000O\000b\000j\000e\000c\000t\000i\000f\000\040\000d\000u\000\040\000s\000p\000r\000i\000n\000t}{section.4.2}% 78
\BOOKMARK [2][-]{subsection.4.2.2}{\376\377\000S\000p\000r\000i\000n\000t\000\040\000B\000a\000c\000k\000l\000o\000g}{section.4.2}% 79
\BOOKMARK [2][-]{subsection.4.2.3}{\376\377\000A\000r\000c\000h\000i\000t\000e\000c\000t\000u\000r\000e\000\040\000d\000e\000\040\000l\000'\000i\000n\000f\000r\000a\000s\000t\000r\000u\000c\000t\000u\000r\000e\000\040\000A\000W\000S}{section.4.2}% 80
\BOOKMARK [2][-]{subsection.4.2.4}{\376\377\000P\000r\000o\000v\000i\000s\000i\000o\000n\000n\000e\000m\000e\000n\000t\000\040\000d\000u\000\040\000c\000l\000u\000s\000t\000e\000r\000\040\000E\000K\000S}{section.4.2}% 81
\BOOKMARK [2][-]{subsection.4.2.5}{\376\377\000C\000o\000n\000f\000i\000g\000u\000r\000a\000t\000i\000o\000n\000\040\000d\000'\000A\000m\000a\000z\000o\000n\000\040\000R\000D\000S}{section.4.2}% 82
\BOOKMARK [1][-]{figure.caption.47}{\376\377\000C\000o\000n\000c\000l\000u\000s\000i\000o\000n}{chapter.4}% 83
\BOOKMARK [0][-]{chapter.5}{\376\377\000R\000e\000l\000e\000a\000s\000e\000\040\0003\000\040\040\024\000\040\000P\000i\000p\000e\000l\000i\000n\000e\000\040\000C\000I\000/\000C\000D}{}% 84
\BOOKMARK [1][-]{section*.48}{\376\377\000I\000n\000t\000r\000o\000d\000u\000c\000t\000i\000o\000n}{chapter.5}% 85
\BOOKMARK [1][-]{section.5.1}{\376\377\000S\000p\000r\000i\000n\000t\000\040\0006\000\040\040\024\000\040\000P\000i\000p\000e\000l\000i\000n\000e\000\040\000C\000I\000/\000C\000D\000\040\000e\000t\000\040\000d\000\351\000p\000l\000o\000i\000e\000m\000e\000n\000t\000\040\000c\000o\000n\000t\000i\000n\000u}{chapter.5}% 86
\BOOKMARK [2][-]{subsection.5.1.1}{\376\377\000O\000b\000j\000e\000c\000t\000i\000f\000\040\000d\000u\000\040\000s\000p\000r\000i\000n\000t}{section.5.1}% 87
\BOOKMARK [2][-]{subsection.5.1.2}{\376\377\000S\000p\000r\000i\000n\000t\000\040\000B\000a\000c\000k\000l\000o\000g}{section.5.1}% 88
\BOOKMARK [2][-]{subsection.5.1.3}{\376\377\000A\000r\000c\000h\000i\000t\000e\000c\000t\000u\000r\000e\000\040\000d\000u\000\040\000p\000i\000p\000e\000l\000i\000n\000e\000\040\000C\000I\000/\000C\000D}{section.5.1}% 89
\BOOKMARK [2][-]{subsection.5.1.4}{\376\377\000S\000e\000r\000v\000e\000u\000r\000\040\000J\000e\000n\000k\000i\000n\000s}{section.5.1}% 90
\BOOKMARK [2][-]{subsection.5.1.5}{\376\377\000P\000i\000p\000e\000l\000i\000n\000e\000\040\000J\000e\000n\000k\000i\000n\000s\000f\000i\000l\000e}{section.5.1}% 91
\BOOKMARK [2][-]{subsection.5.1.6}{\376\377\000A\000n\000a\000l\000y\000s\000e\000\040\000d\000e\000\040\000q\000u\000a\000l\000i\000t\000\351\000\040\040\024\000\040\000S\000o\000n\000a\000r\000Q\000u\000b\000e}{section.5.1}% 92
\BOOKMARK [2][-]{subsection.5.1.7}{\376\377\000S\000c\000a\000n\000\040\000d\000e\000\040\000s\000\351\000c\000u\000r\000i\000t\000\351\000\040\040\024\000\040\000T\000r\000i\000v\000y}{section.5.1}% 93
\BOOKMARK [2][-]{subsection.5.1.8}{\376\377\000D\000\351\000p\000l\000o\000i\000e\000m\000e\000n\000t\000\040\000G\000i\000t\000O\000p\000s\000\040\000a\000v\000e\000c\000\040\000A\000r\000g\000o\000C\000D}{section.5.1}% 94
\BOOKMARK [2][-]{subsection.5.1.9}{\376\377\000P\000a\000c\000k\000a\000g\000i\000n\000g\000\040\000a\000v\000e\000c\000\040\000H\000e\000l\000m}{section.5.1}% 95
\BOOKMARK [1][-]{subsection.5.1.9}{\376\377\000C\000o\000n\000c\000l\000u\000s\000i\000o\000n}{chapter.5}% 96
\BOOKMARK [0][-]{chapter.6}{\376\377\000R\000e\000l\000e\000a\000s\000e\000\040\0004\000\040\040\024\000\040\000M\000o\000n\000i\000t\000o\000r\000i\000n\000g\000\040\000e\000t\000\040\000s\000u\000p\000e\000r\000v\000i\000s\000i\000o\000n}{}% 97
\BOOKMARK [1][-]{section*.54}{\376\377\000I\000n\000t\000r\000o\000d\000u\000c\000t\000i\000o\000n}{chapter.6}% 98
\BOOKMARK [1][-]{section.6.1}{\376\377\000S\000p\000r\000i\000n\000t\000\040\0007\000\040\040\024\000\040\000P\000r\000o\000m\000e\000t\000h\000e\000u\000s\000,\000\040\000G\000r\000a\000f\000a\000n\000a\000\040\000e\000t\000\040\000d\000a\000s\000h\000b\000o\000a\000r\000d\000s}{chapter.6}% 99
\BOOKMARK [2][-]{subsection.6.1.1}{\376\377\000O\000b\000j\000e\000c\000t\000i\000f\000\040\000d\000u\000\040\000s\000p\000r\000i\000n\000t}{section.6.1}% 100
\BOOKMARK [2][-]{subsection.6.1.2}{\376\377\000S\000p\000r\000i\000n\000t\000\040\000B\000a\000c\000k\000l\000o\000g}{section.6.1}% 101
\BOOKMARK [2][-]{subsection.6.1.3}{\376\377\000A\000r\000c\000h\000i\000t\000e\000c\000t\000u\000r\000e\000\040\000d\000e\000\040\000m\000o\000n\000i\000t\000o\000r\000i\000n\000g}{section.6.1}% 102
\BOOKMARK [2][-]{subsection.6.1.4}{\376\377\000D\000\351\000p\000l\000o\000i\000e\000m\000e\000n\000t\000\040\000d\000e\000\040\000P\000r\000o\000m\000e\000t\000h\000e\000u\000s}{section.6.1}% 103
\BOOKMARK [2][-]{subsection.6.1.5}{\376\377\000D\000a\000s\000h\000b\000o\000a\000r\000d\000s\000\040\000G\000r\000a\000f\000a\000n\000a}{section.6.1}% 104
\BOOKMARK [1][-]{figure.caption.58}{\376\377\000C\000o\000n\000c\000l\000u\000s\000i\000o\000n}{chapter.6}% 105
\BOOKMARK [1][-]{figure.caption.58}{\376\377\000C\000o\000n\000c\000l\000u\000s\000i\000o\000n\000\040\000g\000\351\000n\000\351\000r\000a\000l\000e}{chapter.6}% 106
\BOOKMARK [0][-]{chapter*.60}{\376\377\000W\000e\000b\000o\000g\000r\000a\000p\000h\000i\000e}{}% 107
